==================================================
           GENOMEGUARD v1.1
       SAMPLE INTEGRITY ANALYSIS
==================================================

Sample      : SRR39879768
Read 1      : fastq/SRR39879768_1.fastq
Read 2      : fastq/SRR39879768_2.fastq
Mode        : PAIRED-END
Threads     : 8
Output      : /home/intern/internship_projects/life-science/GenomeGuard/results/SRR39879768

### INPUT / TOOL VALIDATION
Centrifuge  : /home/intern/internship_projects/life-science/centrifuge/centrifuge
Index       : /home/intern/internship_projects/life-science/databases/centrifuge_index/p_compressed+h+v
Validation  : PASS

### STEP 1: TAXONOMIC CLASSIFICATION

report file /home/intern/internship_projects/life-science/GenomeGuard/results/SRR39879768/SRR39879768_report.tsv
Number of iterations in EM algorithm: 11
Probability diff. (P - P_prev) in the last iteration: 4.86674e-11
Calculating abundance: 00:00:00

Centrifuge classification complete.

### STEP 2: GENOMEGUARD EVIDENCE ENGINE


==================================================
        GENOMEGUARD v1.1 COMPLETE
==================================================

Sample:
  SRR39879768

Primary taxon:
  Escherichia coli
  TaxID: 562
  Reads: 493767
  Fraction: 76.0932%

Secondary burden:
  23.9068%

Taxonomic complexity:
  473 classified taxa

Integrity category:
  MODERATE DOMINANCE

OUTPUT FILES

TSV summary:
  /home/intern/internship_projects/life-science/GenomeGuard/results/SRR39879768/SRR39879768_genomeguard_summary.tsv

HTML report:
  /home/intern/internship_projects/life-science/GenomeGuard/results/SRR39879768/SRR39879768_genomeguard_report.html

Log:
  /home/intern/internship_projects/life-science/GenomeGuard/results/SRR39879768/SRR39879768_genomeguard.log

==================================================
